## Footprint report - date 2026-05-05T18:14:47-0700
## Created by KiCad version 9.0.7
## Unit = mm, Angle = deg.

$BeginDESCRIPTION

$BOARD
upper_left_corner 117.600000 58.625000
lower_right_corner 194.900000 103.600000
$EndBOARD

$MODULE BT1
footprint Battery:BatteryHolder_Keystone_1057_1x2032
attribut smd
position 132.000000 82.200000  orientation 90.00
layer front
$PAD "1"
Shape CustomShape Layer front
position -15.150000 -0.100000  size  1.000000  1.000000  orientation 0.00
drill  0.000000
shape_offset  0.000000  0.000000
$EndPAD
$PAD "2"
Shape CustomShape Layer front
position 15.150000  0.100000  size  1.000000  1.000000  orientation 180.00
drill  0.000000
shape_offset  0.000000  0.000000
$EndPAD
$EndMODULE  BT1

$MODULE D1
footprint LED_SMD:LED_0603_1608Metric
attribut smd
position 190.500000 71.612499  orientation 90.00
layer front
$PAD "1"
Shape Roundrect Layer front
position -0.787501  0.000000  size  0.875000  0.950000  orientation 0.00
drill  0.000000
shape_offset  0.000000  0.000000
$EndPAD
$PAD "2"
Shape Roundrect Layer front
position  0.787501  0.000000  size  0.875000  0.950000  orientation 0.00
drill  0.000000
shape_offset  0.000000  0.000000
$EndPAD
$EndMODULE  D1

$MODULE D2
footprint LED_SMD:LED_0603_1608Metric
attribut smd
position 190.500000 75.100000  orientation 90.00
layer front
$PAD "1"
Shape Roundrect Layer front
position -0.787501  0.000000  size  0.875000  0.950000  orientation 0.00
drill  0.000000
shape_offset  0.000000  0.000000
$EndPAD
$PAD "2"
Shape Roundrect Layer front
position  0.787501  0.000000  size  0.875000  0.950000  orientation 0.00
drill  0.000000
shape_offset  0.000000  0.000000
$EndPAD
$EndMODULE  D2

$MODULE D3
footprint LED_SMD:LED_0603_1608Metric
attribut smd
position 190.500000 78.712499  orientation 90.00
layer front
$PAD "1"
Shape Roundrect Layer front
position -0.787501  0.000000  size  0.875000  0.950000  orientation 0.00
drill  0.000000
shape_offset  0.000000  0.000000
$EndPAD
$PAD "2"
Shape Roundrect Layer front
position  0.787501  0.000000  size  0.875000  0.950000  orientation 0.00
drill  0.000000
shape_offset  0.000000  0.000000
$EndPAD
$EndMODULE  D3

$MODULE D4
footprint LED_SMD:LED_0603_1608Metric
attribut smd
position 190.500000 82.187501  orientation 90.00
layer front
$PAD "1"
Shape Roundrect Layer front
position -0.787501  0.000000  size  0.875000  0.950000  orientation 0.00
drill  0.000000
shape_offset  0.000000  0.000000
$EndPAD
$PAD "2"
Shape Roundrect Layer front
position  0.787501  0.000000  size  0.875000  0.950000  orientation 0.00
drill  0.000000
shape_offset  0.000000  0.000000
$EndPAD
$EndMODULE  D4

$MODULE D5
footprint LED_SMD:LED_0603_1608Metric
attribut smd
position 190.500000 85.712499  orientation 90.00
layer front
$PAD "1"
Shape Roundrect Layer front
position -0.787501  0.000000  size  0.875000  0.950000  orientation 0.00
drill  0.000000
shape_offset  0.000000  0.000000
$EndPAD
$PAD "2"
Shape Roundrect Layer front
position  0.787501  0.000000  size  0.875000  0.950000  orientation 0.00
drill  0.000000
shape_offset  0.000000  0.000000
$EndPAD
$EndMODULE  D5

$MODULE D6
footprint LED_SMD:LED_0603_1608Metric
attribut smd
position 190.500000 89.312499  orientation 90.00
layer front
$PAD "1"
Shape Roundrect Layer front
position -0.787501  0.000000  size  0.875000  0.950000  orientation 0.00
drill  0.000000
shape_offset  0.000000  0.000000
$EndPAD
$PAD "2"
Shape Roundrect Layer front
position  0.787501  0.000000  size  0.875000  0.950000  orientation 0.00
drill  0.000000
shape_offset  0.000000  0.000000
$EndPAD
$EndMODULE  D6

$MODULE D7
footprint LED_SMD:LED_0603_1608Metric
attribut smd
position 190.500000 93.012499  orientation 90.00
layer front
$PAD "1"
Shape Roundrect Layer front
position -0.787501  0.000000  size  0.875000  0.950000  orientation 0.00
drill  0.000000
shape_offset  0.000000  0.000000
$EndPAD
$PAD "2"
Shape Roundrect Layer front
position  0.787501  0.000000  size  0.875000  0.950000  orientation 0.00
drill  0.000000
shape_offset  0.000000  0.000000
$EndPAD
$EndMODULE  D7

$MODULE D8
footprint LED_SMD:LED_0603_1608Metric
attribut smd
position 190.500000 96.712499  orientation 90.00
layer front
$PAD "1"
Shape Roundrect Layer front
position -0.787501  0.000000  size  0.875000  0.950000  orientation 0.00
drill  0.000000
shape_offset  0.000000  0.000000
$EndPAD
$PAD "2"
Shape Roundrect Layer front
position  0.787501  0.000000  size  0.875000  0.950000  orientation 0.00
drill  0.000000
shape_offset  0.000000  0.000000
$EndPAD
$EndMODULE  D8

$MODULE D9
footprint LED_SMD:LED_0603_1608Metric
attribut smd
position 188.000000 71.612499  orientation 90.00
layer front
$PAD "1"
Shape Roundrect Layer front
position -0.787501  0.000000  size  0.875000  0.950000  orientation 0.00
drill  0.000000
shape_offset  0.000000  0.000000
$EndPAD
$PAD "2"
Shape Roundrect Layer front
position  0.787501  0.000000  size  0.875000  0.950000  orientation 0.00
drill  0.000000
shape_offset  0.000000  0.000000
$EndPAD
$EndMODULE  D9

$MODULE D10
footprint LED_SMD:LED_0603_1608Metric
attribut smd
position 188.100000 75.087501  orientation 90.00
layer front
$PAD "1"
Shape Roundrect Layer front
position -0.787501  0.000000  size  0.875000  0.950000  orientation 0.00
drill  0.000000
shape_offset  0.000000  0.000000
$EndPAD
$PAD "2"
Shape Roundrect Layer front
position  0.787501  0.000000  size  0.875000  0.950000  orientation 0.00
drill  0.000000
shape_offset  0.000000  0.000000
$EndPAD
$EndMODULE  D10

$MODULE D11
footprint LED_SMD:LED_0603_1608Metric
attribut smd
position 188.100000 78.587501  orientation 90.00
layer front
$PAD "1"
Shape Roundrect Layer front
position -0.787501  0.000000  size  0.875000  0.950000  orientation 0.00
drill  0.000000
shape_offset  0.000000  0.000000
$EndPAD
$PAD "2"
Shape Roundrect Layer front
position  0.787501  0.000000  size  0.875000  0.950000  orientation 0.00
drill  0.000000
shape_offset  0.000000  0.000000
$EndPAD
$EndMODULE  D11

$MODULE D12
footprint LED_SMD:LED_0603_1608Metric
attribut smd
position 188.100000 82.087501  orientation 90.00
layer front
$PAD "1"
Shape Roundrect Layer front
position -0.787501  0.000000  size  0.875000  0.950000  orientation 0.00
drill  0.000000
shape_offset  0.000000  0.000000
$EndPAD
$PAD "2"
Shape Roundrect Layer front
position  0.787501  0.000000  size  0.875000  0.950000  orientation 0.00
drill  0.000000
shape_offset  0.000000  0.000000
$EndPAD
$EndMODULE  D12

$MODULE D13
footprint LED_SMD:LED_0603_1608Metric
attribut smd
position 188.100000 85.712499  orientation 90.00
layer front
$PAD "1"
Shape Roundrect Layer front
position -0.787501  0.000000  size  0.875000  0.950000  orientation 0.00
drill  0.000000
shape_offset  0.000000  0.000000
$EndPAD
$PAD "2"
Shape Roundrect Layer front
position  0.787501  0.000000  size  0.875000  0.950000  orientation 0.00
drill  0.000000
shape_offset  0.000000  0.000000
$EndPAD
$EndMODULE  D13

$MODULE D14
footprint LED_SMD:LED_0603_1608Metric
attribut smd
position 188.200000 89.212499  orientation 90.00
layer front
$PAD "1"
Shape Roundrect Layer front
position -0.787501  0.000000  size  0.875000  0.950000  orientation 0.00
drill  0.000000
shape_offset  0.000000  0.000000
$EndPAD
$PAD "2"
Shape Roundrect Layer front
position  0.787501  0.000000  size  0.875000  0.950000  orientation 0.00
drill  0.000000
shape_offset  0.000000  0.000000
$EndPAD
$EndMODULE  D14

$MODULE D15
footprint LED_SMD:LED_0603_1608Metric
attribut smd
position 188.200000 93.012499  orientation 90.00
layer front
$PAD "1"
Shape Roundrect Layer front
position -0.787501  0.000000  size  0.875000  0.950000  orientation 0.00
drill  0.000000
shape_offset  0.000000  0.000000
$EndPAD
$PAD "2"
Shape Roundrect Layer front
position  0.787501  0.000000  size  0.875000  0.950000  orientation 0.00
drill  0.000000
shape_offset  0.000000  0.000000
$EndPAD
$EndMODULE  D15

$MODULE D16
footprint LED_SMD:LED_0603_1608Metric
attribut smd
position 188.200000 96.700000  orientation 90.00
layer front
$PAD "1"
Shape Roundrect Layer front
position -0.787501  0.000000  size  0.875000  0.950000  orientation 0.00
drill  0.000000
shape_offset  0.000000  0.000000
$EndPAD
$PAD "2"
Shape Roundrect Layer front
position  0.787501  0.000000  size  0.875000  0.950000  orientation 0.00
drill  0.000000
shape_offset  0.000000  0.000000
$EndPAD
$EndMODULE  D16

$MODULE D17
footprint LED_SMD:LED_0603_1608Metric
attribut smd
position 185.600000 71.512499  orientation 90.00
layer front
$PAD "1"
Shape Roundrect Layer front
position -0.787501  0.000000  size  0.875000  0.950000  orientation 0.00
drill  0.000000
shape_offset  0.000000  0.000000
$EndPAD
$PAD "2"
Shape Roundrect Layer front
position  0.787501  0.000000  size  0.875000  0.950000  orientation 0.00
drill  0.000000
shape_offset  0.000000  0.000000
$EndPAD
$EndMODULE  D17

$MODULE D18
footprint LED_SMD:LED_0603_1608Metric
attribut smd
position 185.600000 74.900000  orientation 90.00
layer front
$PAD "1"
Shape Roundrect Layer front
position -0.787501  0.000000  size  0.875000  0.950000  orientation 0.00
drill  0.000000
shape_offset  0.000000  0.000000
$EndPAD
$PAD "2"
Shape Roundrect Layer front
position  0.787501  0.000000  size  0.875000  0.950000  orientation 0.00
drill  0.000000
shape_offset  0.000000  0.000000
$EndPAD
$EndMODULE  D18

$MODULE D19
footprint LED_SMD:LED_0603_1608Metric
attribut smd
position 185.600000 78.512499  orientation 90.00
layer front
$PAD "1"
Shape Roundrect Layer front
position -0.787501  0.000000  size  0.875000  0.950000  orientation 0.00
drill  0.000000
shape_offset  0.000000  0.000000
$EndPAD
$PAD "2"
Shape Roundrect Layer front
position  0.787501  0.000000  size  0.875000  0.950000  orientation 0.00
drill  0.000000
shape_offset  0.000000  0.000000
$EndPAD
$EndMODULE  D19

$MODULE D20
footprint LED_SMD:LED_0603_1608Metric
attribut smd
position 185.700000 82.012499  orientation 90.00
layer front
$PAD "1"
Shape Roundrect Layer front
position -0.787501  0.000000  size  0.875000  0.950000  orientation 0.00
drill  0.000000
shape_offset  0.000000  0.000000
$EndPAD
$PAD "2"
Shape Roundrect Layer front
position  0.787501  0.000000  size  0.875000  0.950000  orientation 0.00
drill  0.000000
shape_offset  0.000000  0.000000
$EndPAD
$EndMODULE  D20

$MODULE D21
footprint LED_SMD:LED_0603_1608Metric
attribut smd
position 185.700000 85.612499  orientation 90.00
layer front
$PAD "1"
Shape Roundrect Layer front
position -0.787501  0.000000  size  0.875000  0.950000  orientation 0.00
drill  0.000000
shape_offset  0.000000  0.000000
$EndPAD
$PAD "2"
Shape Roundrect Layer front
position  0.787501  0.000000  size  0.875000  0.950000  orientation 0.00
drill  0.000000
shape_offset  0.000000  0.000000
$EndPAD
$EndMODULE  D21

$MODULE D22
footprint LED_SMD:LED_0603_1608Metric
attribut smd
position 185.800000 89.187501  orientation 90.00
layer front
$PAD "1"
Shape Roundrect Layer front
position -0.787501  0.000000  size  0.875000  0.950000  orientation 0.00
drill  0.000000
shape_offset  0.000000  0.000000
$EndPAD
$PAD "2"
Shape Roundrect Layer front
position  0.787501  0.000000  size  0.875000  0.950000  orientation 0.00
drill  0.000000
shape_offset  0.000000  0.000000
$EndPAD
$EndMODULE  D22

$MODULE D23
footprint LED_SMD:LED_0603_1608Metric
attribut smd
position 185.900000 92.912499  orientation 90.00
layer front
$PAD "1"
Shape Roundrect Layer front
position -0.787501  0.000000  size  0.875000  0.950000  orientation 0.00
drill  0.000000
shape_offset  0.000000  0.000000
$EndPAD
$PAD "2"
Shape Roundrect Layer front
position  0.787501  0.000000  size  0.875000  0.950000  orientation 0.00
drill  0.000000
shape_offset  0.000000  0.000000
$EndPAD
$EndMODULE  D23

$MODULE D24
footprint LED_SMD:LED_0603_1608Metric
attribut smd
position 185.900000 96.600000  orientation 90.00
layer front
$PAD "1"
Shape Roundrect Layer front
position -0.787501  0.000000  size  0.875000  0.950000  orientation 0.00
drill  0.000000
shape_offset  0.000000  0.000000
$EndPAD
$PAD "2"
Shape Roundrect Layer front
position  0.787501  0.000000  size  0.875000  0.950000  orientation 0.00
drill  0.000000
shape_offset  0.000000  0.000000
$EndPAD
$EndMODULE  D24

$MODULE D25
footprint LED_SMD:LED_0603_1608Metric
attribut smd
position 183.300000 71.512499  orientation 90.00
layer front
$PAD "1"
Shape Roundrect Layer front
position -0.787501  0.000000  size  0.875000  0.950000  orientation 0.00
drill  0.000000
shape_offset  0.000000  0.000000
$EndPAD
$PAD "2"
Shape Roundrect Layer front
position  0.787501  0.000000  size  0.875000  0.950000  orientation 0.00
drill  0.000000
shape_offset  0.000000  0.000000
$EndPAD
$EndMODULE  D25

$MODULE D26
footprint LED_SMD:LED_0603_1608Metric
attribut smd
position 183.400000 74.987501  orientation 90.00
layer front
$PAD "1"
Shape Roundrect Layer front
position -0.787501  0.000000  size  0.875000  0.950000  orientation 0.00
drill  0.000000
shape_offset  0.000000  0.000000
$EndPAD
$PAD "2"
Shape Roundrect Layer front
position  0.787501  0.000000  size  0.875000  0.950000  orientation 0.00
drill  0.000000
shape_offset  0.000000  0.000000
$EndPAD
$EndMODULE  D26

$MODULE D27
footprint LED_SMD:LED_0603_1608Metric
attribut smd
position 183.500000 78.512499  orientation 90.00
layer front
$PAD "1"
Shape Roundrect Layer front
position -0.787501  0.000000  size  0.875000  0.950000  orientation 0.00
drill  0.000000
shape_offset  0.000000  0.000000
$EndPAD
$PAD "2"
Shape Roundrect Layer front
position  0.787501  0.000000  size  0.875000  0.950000  orientation 0.00
drill  0.000000
shape_offset  0.000000  0.000000
$EndPAD
$EndMODULE  D27

$MODULE D28
footprint LED_SMD:LED_0603_1608Metric
attribut smd
position 183.600000 81.987501  orientation 90.00
layer front
$PAD "1"
Shape Roundrect Layer front
position -0.787501  0.000000  size  0.875000  0.950000  orientation 0.00
drill  0.000000
shape_offset  0.000000  0.000000
$EndPAD
$PAD "2"
Shape Roundrect Layer front
position  0.787501  0.000000  size  0.875000  0.950000  orientation 0.00
drill  0.000000
shape_offset  0.000000  0.000000
$EndPAD
$EndMODULE  D28

$MODULE D29
footprint LED_SMD:LED_0603_1608Metric
attribut smd
position 183.700000 85.612499  orientation 90.00
layer front
$PAD "1"
Shape Roundrect Layer front
position -0.787501  0.000000  size  0.875000  0.950000  orientation 0.00
drill  0.000000
shape_offset  0.000000  0.000000
$EndPAD
$PAD "2"
Shape Roundrect Layer front
position  0.787501  0.000000  size  0.875000  0.950000  orientation 0.00
drill  0.000000
shape_offset  0.000000  0.000000
$EndPAD
$EndMODULE  D29

$MODULE D30
footprint LED_SMD:LED_0603_1608Metric
attribut smd
position 183.800000 89.212499  orientation 90.00
layer front
$PAD "1"
Shape Roundrect Layer front
position -0.787501  0.000000  size  0.875000  0.950000  orientation 0.00
drill  0.000000
shape_offset  0.000000  0.000000
$EndPAD
$PAD "2"
Shape Roundrect Layer front
position  0.787501  0.000000  size  0.875000  0.950000  orientation 0.00
drill  0.000000
shape_offset  0.000000  0.000000
$EndPAD
$EndMODULE  D30

$MODULE D31
footprint LED_SMD:LED_0603_1608Metric
attribut smd
position 183.900000 93.012499  orientation 90.00
layer front
$PAD "1"
Shape Roundrect Layer front
position -0.787501  0.000000  size  0.875000  0.950000  orientation 0.00
drill  0.000000
shape_offset  0.000000  0.000000
$EndPAD
$PAD "2"
Shape Roundrect Layer front
position  0.787501  0.000000  size  0.875000  0.950000  orientation 0.00
drill  0.000000
shape_offset  0.000000  0.000000
$EndPAD
$EndMODULE  D31

$MODULE D32
footprint LED_SMD:LED_0603_1608Metric
attribut smd
position 183.900000 96.512499  orientation 90.00
layer front
$PAD "1"
Shape Roundrect Layer front
position -0.787501  0.000000  size  0.875000  0.950000  orientation 0.00
drill  0.000000
shape_offset  0.000000  0.000000
$EndPAD
$PAD "2"
Shape Roundrect Layer front
position  0.787501  0.000000  size  0.875000  0.950000  orientation 0.00
drill  0.000000
shape_offset  0.000000  0.000000
$EndPAD
$EndMODULE  D32

$MODULE D33
footprint LED_SMD:LED_0603_1608Metric
attribut smd
position 181.000000 71.512499  orientation 90.00
layer front
$PAD "1"
Shape Roundrect Layer front
position -0.787501  0.000000  size  0.875000  0.950000  orientation 0.00
drill  0.000000
shape_offset  0.000000  0.000000
$EndPAD
$PAD "2"
Shape Roundrect Layer front
position  0.787501  0.000000  size  0.875000  0.950000  orientation 0.00
drill  0.000000
shape_offset  0.000000  0.000000
$EndPAD
$EndMODULE  D33

$MODULE D34
footprint LED_SMD:LED_0603_1608Metric
attribut smd
position 181.000000 74.900000  orientation 90.00
layer front
$PAD "1"
Shape Roundrect Layer front
position -0.787501  0.000000  size  0.875000  0.950000  orientation 0.00
drill  0.000000
shape_offset  0.000000  0.000000
$EndPAD
$PAD "2"
Shape Roundrect Layer front
position  0.787501  0.000000  size  0.875000  0.950000  orientation 0.00
drill  0.000000
shape_offset  0.000000  0.000000
$EndPAD
$EndMODULE  D34

$MODULE D35
footprint LED_SMD:LED_0603_1608Metric
attribut smd
position 181.100000 78.512499  orientation 90.00
layer front
$PAD "1"
Shape Roundrect Layer front
position -0.787501  0.000000  size  0.875000  0.950000  orientation 0.00
drill  0.000000
shape_offset  0.000000  0.000000
$EndPAD
$PAD "2"
Shape Roundrect Layer front
position  0.787501  0.000000  size  0.875000  0.950000  orientation 0.00
drill  0.000000
shape_offset  0.000000  0.000000
$EndPAD
$EndMODULE  D35

$MODULE D36
footprint LED_SMD:LED_0603_1608Metric
attribut smd
position 181.100000 82.012499  orientation 90.00
layer front
$PAD "1"
Shape Roundrect Layer front
position -0.787501  0.000000  size  0.875000  0.950000  orientation 0.00
drill  0.000000
shape_offset  0.000000  0.000000
$EndPAD
$PAD "2"
Shape Roundrect Layer front
position  0.787501  0.000000  size  0.875000  0.950000  orientation 0.00
drill  0.000000
shape_offset  0.000000  0.000000
$EndPAD
$EndMODULE  D36

$MODULE D37
footprint LED_SMD:LED_0603_1608Metric
attribut smd
position 181.200000 85.612499  orientation 90.00
layer front
$PAD "1"
Shape Roundrect Layer front
position -0.787501  0.000000  size  0.875000  0.950000  orientation 0.00
drill  0.000000
shape_offset  0.000000  0.000000
$EndPAD
$PAD "2"
Shape Roundrect Layer front
position  0.787501  0.000000  size  0.875000  0.950000  orientation 0.00
drill  0.000000
shape_offset  0.000000  0.000000
$EndPAD
$EndMODULE  D37

$MODULE D38
footprint LED_SMD:LED_0603_1608Metric
attribut smd
position 181.200000 89.212499  orientation 90.00
layer front
$PAD "1"
Shape Roundrect Layer front
position -0.787501  0.000000  size  0.875000  0.950000  orientation 0.00
drill  0.000000
shape_offset  0.000000  0.000000
$EndPAD
$PAD "2"
Shape Roundrect Layer front
position  0.787501  0.000000  size  0.875000  0.950000  orientation 0.00
drill  0.000000
shape_offset  0.000000  0.000000
$EndPAD
$EndMODULE  D38

$MODULE D39
footprint LED_SMD:LED_0603_1608Metric
attribut smd
position 181.300000 92.912499  orientation 90.00
layer front
$PAD "1"
Shape Roundrect Layer front
position -0.787501  0.000000  size  0.875000  0.950000  orientation 0.00
drill  0.000000
shape_offset  0.000000  0.000000
$EndPAD
$PAD "2"
Shape Roundrect Layer front
position  0.787501  0.000000  size  0.875000  0.950000  orientation 0.00
drill  0.000000
shape_offset  0.000000  0.000000
$EndPAD
$EndMODULE  D39

$MODULE D40
footprint LED_SMD:LED_0603_1608Metric
attribut smd
position 181.300000 96.512499  orientation 90.00
layer front
$PAD "1"
Shape Roundrect Layer front
position -0.787501  0.000000  size  0.875000  0.950000  orientation 0.00
drill  0.000000
shape_offset  0.000000  0.000000
$EndPAD
$PAD "2"
Shape Roundrect Layer front
position  0.787501  0.000000  size  0.875000  0.950000  orientation 0.00
drill  0.000000
shape_offset  0.000000  0.000000
$EndPAD
$EndMODULE  D40

$MODULE D41
footprint LED_SMD:LED_0603_1608Metric
attribut smd
position 178.900000 71.612499  orientation 90.00
layer front
$PAD "1"
Shape Roundrect Layer front
position -0.787501  0.000000  size  0.875000  0.950000  orientation 0.00
drill  0.000000
shape_offset  0.000000  0.000000
$EndPAD
$PAD "2"
Shape Roundrect Layer front
position  0.787501  0.000000  size  0.875000  0.950000  orientation 0.00
drill  0.000000
shape_offset  0.000000  0.000000
$EndPAD
$EndMODULE  D41

$MODULE D42
footprint LED_SMD:LED_0603_1608Metric
attribut smd
position 179.000000 74.887501  orientation 90.00
layer front
$PAD "1"
Shape Roundrect Layer front
position -0.787501  0.000000  size  0.875000  0.950000  orientation 0.00
drill  0.000000
shape_offset  0.000000  0.000000
$EndPAD
$PAD "2"
Shape Roundrect Layer front
position  0.787501  0.000000  size  0.875000  0.950000  orientation 0.00
drill  0.000000
shape_offset  0.000000  0.000000
$EndPAD
$EndMODULE  D42

$MODULE D43
footprint LED_SMD:LED_0603_1608Metric
attribut smd
position 179.100000 78.412499  orientation 90.00
layer front
$PAD "1"
Shape Roundrect Layer front
position -0.787501  0.000000  size  0.875000  0.950000  orientation 0.00
drill  0.000000
shape_offset  0.000000  0.000000
$EndPAD
$PAD "2"
Shape Roundrect Layer front
position  0.787501  0.000000  size  0.875000  0.950000  orientation 0.00
drill  0.000000
shape_offset  0.000000  0.000000
$EndPAD
$EndMODULE  D43

$MODULE D44
footprint LED_SMD:LED_0603_1608Metric
attribut smd
position 179.100000 82.012499  orientation 90.00
layer front
$PAD "1"
Shape Roundrect Layer front
position -0.787501  0.000000  size  0.875000  0.950000  orientation 0.00
drill  0.000000
shape_offset  0.000000  0.000000
$EndPAD
$PAD "2"
Shape Roundrect Layer front
position  0.787501  0.000000  size  0.875000  0.950000  orientation 0.00
drill  0.000000
shape_offset  0.000000  0.000000
$EndPAD
$EndMODULE  D44

$MODULE D45
footprint LED_SMD:LED_0603_1608Metric
attribut smd
position 179.200000 85.587501  orientation 90.00
layer front
$PAD "1"
Shape Roundrect Layer front
position -0.787501  0.000000  size  0.875000  0.950000  orientation 0.00
drill  0.000000
shape_offset  0.000000  0.000000
$EndPAD
$PAD "2"
Shape Roundrect Layer front
position  0.787501  0.000000  size  0.875000  0.950000  orientation 0.00
drill  0.000000
shape_offset  0.000000  0.000000
$EndPAD
$EndMODULE  D45

$MODULE D46
footprint LED_SMD:LED_0603_1608Metric
attribut smd
position 179.200000 89.187501  orientation 90.00
layer front
$PAD "1"
Shape Roundrect Layer front
position -0.787501  0.000000  size  0.875000  0.950000  orientation 0.00
drill  0.000000
shape_offset  0.000000  0.000000
$EndPAD
$PAD "2"
Shape Roundrect Layer front
position  0.787501  0.000000  size  0.875000  0.950000  orientation 0.00
drill  0.000000
shape_offset  0.000000  0.000000
$EndPAD
$EndMODULE  D46

$MODULE D47
footprint LED_SMD:LED_0603_1608Metric
attribut smd
position 179.200000 92.812499  orientation 90.00
layer front
$PAD "1"
Shape Roundrect Layer front
position -0.787501  0.000000  size  0.875000  0.950000  orientation 0.00
drill  0.000000
shape_offset  0.000000  0.000000
$EndPAD
$PAD "2"
Shape Roundrect Layer front
position  0.787501  0.000000  size  0.875000  0.950000  orientation 0.00
drill  0.000000
shape_offset  0.000000  0.000000
$EndPAD
$EndMODULE  D47

$MODULE D48
footprint LED_SMD:LED_0603_1608Metric
attribut smd
position 179.300000 96.512499  orientation 90.00
layer front
$PAD "1"
Shape Roundrect Layer front
position -0.787501  0.000000  size  0.875000  0.950000  orientation 0.00
drill  0.000000
shape_offset  0.000000  0.000000
$EndPAD
$PAD "2"
Shape Roundrect Layer front
position  0.787501  0.000000  size  0.875000  0.950000  orientation 0.00
drill  0.000000
shape_offset  0.000000  0.000000
$EndPAD
$EndMODULE  D48

$MODULE D49
footprint LED_SMD:LED_0603_1608Metric
attribut smd
position 176.700000 71.612499  orientation 90.00
layer front
$PAD "1"
Shape Roundrect Layer front
position -0.787501  0.000000  size  0.875000  0.950000  orientation 0.00
drill  0.000000
shape_offset  0.000000  0.000000
$EndPAD
$PAD "2"
Shape Roundrect Layer front
position  0.787501  0.000000  size  0.875000  0.950000  orientation 0.00
drill  0.000000
shape_offset  0.000000  0.000000
$EndPAD
$EndMODULE  D49

$MODULE D50
footprint LED_SMD:LED_0603_1608Metric
attribut smd
position 176.700000 74.912499  orientation 90.00
layer front
$PAD "1"
Shape Roundrect Layer front
position -0.787501  0.000000  size  0.875000  0.950000  orientation 0.00
drill  0.000000
shape_offset  0.000000  0.000000
$EndPAD
$PAD "2"
Shape Roundrect Layer front
position  0.787501  0.000000  size  0.875000  0.950000  orientation 0.00
drill  0.000000
shape_offset  0.000000  0.000000
$EndPAD
$EndMODULE  D50

$MODULE D51
footprint LED_SMD:LED_0603_1608Metric
attribut smd
position 176.800000 78.412499  orientation 90.00
layer front
$PAD "1"
Shape Roundrect Layer front
position -0.787501  0.000000  size  0.875000  0.950000  orientation 0.00
drill  0.000000
shape_offset  0.000000  0.000000
$EndPAD
$PAD "2"
Shape Roundrect Layer front
position  0.787501  0.000000  size  0.875000  0.950000  orientation 0.00
drill  0.000000
shape_offset  0.000000  0.000000
$EndPAD
$EndMODULE  D51

$MODULE D52
footprint LED_SMD:LED_0603_1608Metric
attribut smd
position 176.800000 82.012499  orientation 90.00
layer front
$PAD "1"
Shape Roundrect Layer front
position -0.787501  0.000000  size  0.875000  0.950000  orientation 0.00
drill  0.000000
shape_offset  0.000000  0.000000
$EndPAD
$PAD "2"
Shape Roundrect Layer front
position  0.787501  0.000000  size  0.875000  0.950000  orientation 0.00
drill  0.000000
shape_offset  0.000000  0.000000
$EndPAD
$EndMODULE  D52

$MODULE D53
footprint LED_SMD:LED_0603_1608Metric
attribut smd
position 176.800000 85.487501  orientation 90.00
layer front
$PAD "1"
Shape Roundrect Layer front
position -0.787501  0.000000  size  0.875000  0.950000  orientation 0.00
drill  0.000000
shape_offset  0.000000  0.000000
$EndPAD
$PAD "2"
Shape Roundrect Layer front
position  0.787501  0.000000  size  0.875000  0.950000  orientation 0.00
drill  0.000000
shape_offset  0.000000  0.000000
$EndPAD
$EndMODULE  D53

$MODULE D54
footprint LED_SMD:LED_0603_1608Metric
attribut smd
position 176.800000 89.112499  orientation 90.00
layer front
$PAD "1"
Shape Roundrect Layer front
position -0.787501  0.000000  size  0.875000  0.950000  orientation 0.00
drill  0.000000
shape_offset  0.000000  0.000000
$EndPAD
$PAD "2"
Shape Roundrect Layer front
position  0.787501  0.000000  size  0.875000  0.950000  orientation 0.00
drill  0.000000
shape_offset  0.000000  0.000000
$EndPAD
$EndMODULE  D54

$MODULE D55
footprint LED_SMD:LED_0603_1608Metric
attribut smd
position 176.800000 92.712499  orientation 90.00
layer front
$PAD "1"
Shape Roundrect Layer front
position -0.787501  0.000000  size  0.875000  0.950000  orientation 0.00
drill  0.000000
shape_offset  0.000000  0.000000
$EndPAD
$PAD "2"
Shape Roundrect Layer front
position  0.787501  0.000000  size  0.875000  0.950000  orientation 0.00
drill  0.000000
shape_offset  0.000000  0.000000
$EndPAD
$EndMODULE  D55

$MODULE D56
footprint LED_SMD:LED_0603_1608Metric
attribut smd
position 176.800000 96.487501  orientation 90.00
layer front
$PAD "1"
Shape Roundrect Layer front
position -0.787501  0.000000  size  0.875000  0.950000  orientation 0.00
drill  0.000000
shape_offset  0.000000  0.000000
$EndPAD
$PAD "2"
Shape Roundrect Layer front
position  0.787501  0.000000  size  0.875000  0.950000  orientation 0.00
drill  0.000000
shape_offset  0.000000  0.000000
$EndPAD
$EndMODULE  D56

$MODULE D57
footprint LED_SMD:LED_0603_1608Metric
attribut smd
position 174.500000 71.587501  orientation 90.00
layer front
$PAD "1"
Shape Roundrect Layer front
position -0.787501  0.000000  size  0.875000  0.950000  orientation 0.00
drill  0.000000
shape_offset  0.000000  0.000000
$EndPAD
$PAD "2"
Shape Roundrect Layer front
position  0.787501  0.000000  size  0.875000  0.950000  orientation 0.00
drill  0.000000
shape_offset  0.000000  0.000000
$EndPAD
$EndMODULE  D57

$MODULE D58
footprint LED_SMD:LED_0603_1608Metric
attribut smd
position 174.500000 74.912499  orientation 90.00
layer front
$PAD "1"
Shape Roundrect Layer front
position -0.787501  0.000000  size  0.875000  0.950000  orientation 0.00
drill  0.000000
shape_offset  0.000000  0.000000
$EndPAD
$PAD "2"
Shape Roundrect Layer front
position  0.787501  0.000000  size  0.875000  0.950000  orientation 0.00
drill  0.000000
shape_offset  0.000000  0.000000
$EndPAD
$EndMODULE  D58

$MODULE D59
footprint LED_SMD:LED_0603_1608Metric
attribut smd
position 174.500000 78.412499  orientation 90.00
layer front
$PAD "1"
Shape Roundrect Layer front
position -0.787501  0.000000  size  0.875000  0.950000  orientation 0.00
drill  0.000000
shape_offset  0.000000  0.000000
$EndPAD
$PAD "2"
Shape Roundrect Layer front
position  0.787501  0.000000  size  0.875000  0.950000  orientation 0.00
drill  0.000000
shape_offset  0.000000  0.000000
$EndPAD
$EndMODULE  D59

$MODULE D60
footprint LED_SMD:LED_0603_1608Metric
attribut smd
position 174.600000 82.012499  orientation 90.00
layer front
$PAD "1"
Shape Roundrect Layer front
position -0.787501  0.000000  size  0.875000  0.950000  orientation 0.00
drill  0.000000
shape_offset  0.000000  0.000000
$EndPAD
$PAD "2"
Shape Roundrect Layer front
position  0.787501  0.000000  size  0.875000  0.950000  orientation 0.00
drill  0.000000
shape_offset  0.000000  0.000000
$EndPAD
$EndMODULE  D60

$MODULE D61
footprint LED_SMD:LED_0603_1608Metric
attribut smd
position 174.600000 85.412499  orientation 90.00
layer front
$PAD "1"
Shape Roundrect Layer front
position -0.787501  0.000000  size  0.875000  0.950000  orientation 0.00
drill  0.000000
shape_offset  0.000000  0.000000
$EndPAD
$PAD "2"
Shape Roundrect Layer front
position  0.787501  0.000000  size  0.875000  0.950000  orientation 0.00
drill  0.000000
shape_offset  0.000000  0.000000
$EndPAD
$EndMODULE  D61

$MODULE D62
footprint LED_SMD:LED_0603_1608Metric
attribut smd
position 174.700000 89.000000  orientation 90.00
layer front
$PAD "1"
Shape Roundrect Layer front
position -0.787501  0.000000  size  0.875000  0.950000  orientation 0.00
drill  0.000000
shape_offset  0.000000  0.000000
$EndPAD
$PAD "2"
Shape Roundrect Layer front
position  0.787501  0.000000  size  0.875000  0.950000  orientation 0.00
drill  0.000000
shape_offset  0.000000  0.000000
$EndPAD
$EndMODULE  D62

$MODULE D63
footprint LED_SMD:LED_0603_1608Metric
attribut smd
position 174.700000 92.700000  orientation 90.00
layer front
$PAD "1"
Shape Roundrect Layer front
position -0.787501  0.000000  size  0.875000  0.950000  orientation 0.00
drill  0.000000
shape_offset  0.000000  0.000000
$EndPAD
$PAD "2"
Shape Roundrect Layer front
position  0.787501  0.000000  size  0.875000  0.950000  orientation 0.00
drill  0.000000
shape_offset  0.000000  0.000000
$EndPAD
$EndMODULE  D63

$MODULE D64
footprint LED_SMD:LED_0603_1608Metric
attribut smd
position 174.800000 96.512499  orientation 90.00
layer front
$PAD "1"
Shape Roundrect Layer front
position -0.787501  0.000000  size  0.875000  0.950000  orientation 0.00
drill  0.000000
shape_offset  0.000000  0.000000
$EndPAD
$PAD "2"
Shape Roundrect Layer front
position  0.787501  0.000000  size  0.875000  0.950000  orientation 0.00
drill  0.000000
shape_offset  0.000000  0.000000
$EndPAD
$EndMODULE  D64

$MODULE G***
footprint Flappy Bird
attribut virtual
position 157.000000 87.300000  orientation 180.00
layer back
$EndMODULE  G***

$MODULE R1
footprint Resistor_SMD:R_0603_1608Metric
attribut smd
position 171.625000 72.400000  orientation 180.00
layer front
$PAD "1"
Shape Roundrect Layer front
position -0.825000  0.000000  size  0.800000  0.950000  orientation 0.00
drill  0.000000
shape_offset  0.000000  0.000000
$EndPAD
$PAD "2"
Shape Roundrect Layer front
position  0.825000  0.000000  size  0.800000  0.950000  orientation 0.00
drill  0.000000
shape_offset  0.000000  0.000000
$EndPAD
$EndMODULE  R1

$MODULE R2
footprint Resistor_SMD:R_0603_1608Metric
attribut smd
position 171.675000 75.700000  orientation 180.00
layer front
$PAD "1"
Shape Roundrect Layer front
position -0.825000  0.000000  size  0.800000  0.950000  orientation 0.00
drill  0.000000
shape_offset  0.000000  0.000000
$EndPAD
$PAD "2"
Shape Roundrect Layer front
position  0.825000  0.000000  size  0.800000  0.950000  orientation 0.00
drill  0.000000
shape_offset  0.000000  0.000000
$EndPAD
$EndMODULE  R2

$MODULE R3
footprint Resistor_SMD:R_0603_1608Metric
attribut smd
position 171.675000 79.300000  orientation 180.00
layer front
$PAD "1"
Shape Roundrect Layer front
position -0.825000  0.000000  size  0.800000  0.950000  orientation 0.00
drill  0.000000
shape_offset  0.000000  0.000000
$EndPAD
$PAD "2"
Shape Roundrect Layer front
position  0.825000  0.000000  size  0.800000  0.950000  orientation 0.00
drill  0.000000
shape_offset  0.000000  0.000000
$EndPAD
$EndMODULE  R3

$MODULE R4
footprint Resistor_SMD:R_0603_1608Metric
attribut smd
position 171.775000 82.900000  orientation 180.00
layer front
$PAD "1"
Shape Roundrect Layer front
position -0.825000  0.000000  size  0.800000  0.950000  orientation 0.00
drill  0.000000
shape_offset  0.000000  0.000000
$EndPAD
$PAD "2"
Shape Roundrect Layer front
position  0.825000  0.000000  size  0.800000  0.950000  orientation 0.00
drill  0.000000
shape_offset  0.000000  0.000000
$EndPAD
$EndMODULE  R4

$MODULE R5
footprint Resistor_SMD:R_0603_1608Metric
attribut smd
position 171.875000 86.300000  orientation 180.00
layer front
$PAD "1"
Shape Roundrect Layer front
position -0.825000  0.000000  size  0.800000  0.950000  orientation 0.00
drill  0.000000
shape_offset  0.000000  0.000000
$EndPAD
$PAD "2"
Shape Roundrect Layer front
position  0.825000  0.000000  size  0.800000  0.950000  orientation 0.00
drill  0.000000
shape_offset  0.000000  0.000000
$EndPAD
$EndMODULE  R5

$MODULE R6
footprint Resistor_SMD:R_0603_1608Metric
attribut smd
position 171.875000 89.900000  orientation 180.00
layer front
$PAD "1"
Shape Roundrect Layer front
position -0.825000  0.000000  size  0.800000  0.950000  orientation 0.00
drill  0.000000
shape_offset  0.000000  0.000000
$EndPAD
$PAD "2"
Shape Roundrect Layer front
position  0.825000  0.000000  size  0.800000  0.950000  orientation 0.00
drill  0.000000
shape_offset  0.000000  0.000000
$EndPAD
$EndMODULE  R6

$MODULE R7
footprint Resistor_SMD:R_0603_1608Metric
attribut smd
position 171.975000 93.400000  orientation 180.00
layer front
$PAD "1"
Shape Roundrect Layer front
position -0.825000  0.000000  size  0.800000  0.950000  orientation 0.00
drill  0.000000
shape_offset  0.000000  0.000000
$EndPAD
$PAD "2"
Shape Roundrect Layer front
position  0.825000  0.000000  size  0.800000  0.950000  orientation 0.00
drill  0.000000
shape_offset  0.000000  0.000000
$EndPAD
$EndMODULE  R7

$MODULE R8
footprint Resistor_SMD:R_0603_1608Metric
attribut smd
position 171.875000 97.400000  orientation 180.00
layer front
$PAD "1"
Shape Roundrect Layer front
position -0.825000  0.000000  size  0.800000  0.950000  orientation 0.00
drill  0.000000
shape_offset  0.000000  0.000000
$EndPAD
$PAD "2"
Shape Roundrect Layer front
position  0.825000  0.000000  size  0.800000  0.950000  orientation 0.00
drill  0.000000
shape_offset  0.000000  0.000000
$EndPAD
$EndMODULE  R8

$MODULE R13
footprint Resistor_SMD:R_0603_1608Metric
attribut smd
position 174.400000 68.025000  orientation -90.00
layer front
$PAD "1"
Shape Roundrect Layer front
position -0.825000  0.000000  size  0.800000  0.950000  orientation 360.00
drill  0.000000
shape_offset  0.000000  0.000000
$EndPAD
$PAD "2"
Shape Roundrect Layer front
position  0.825000  0.000000  size  0.800000  0.950000  orientation 360.00
drill  0.000000
shape_offset  0.000000  0.000000
$EndPAD
$EndMODULE  R13

$MODULE R14
footprint Resistor_SMD:R_0603_1608Metric
attribut smd
position 176.700000 67.975000  orientation -90.00
layer front
$PAD "1"
Shape Roundrect Layer front
position -0.825000  0.000000  size  0.800000  0.950000  orientation 360.00
drill  0.000000
shape_offset  0.000000  0.000000
$EndPAD
$PAD "2"
Shape Roundrect Layer front
position  0.825000  0.000000  size  0.800000  0.950000  orientation 360.00
drill  0.000000
shape_offset  0.000000  0.000000
$EndPAD
$EndMODULE  R14

$MODULE R15
footprint Resistor_SMD:R_0603_1608Metric
attribut smd
position 179.100000 67.900000  orientation -90.00
layer front
$PAD "1"
Shape Roundrect Layer front
position -0.825000  0.000000  size  0.800000  0.950000  orientation 360.00
drill  0.000000
shape_offset  0.000000  0.000000
$EndPAD
$PAD "2"
Shape Roundrect Layer front
position  0.825000  0.000000  size  0.800000  0.950000  orientation 360.00
drill  0.000000
shape_offset  0.000000  0.000000
$EndPAD
$EndMODULE  R15

$MODULE R16
footprint Resistor_SMD:R_0603_1608Metric
attribut smd
position 181.000000 67.875000  orientation -90.00
layer front
$PAD "1"
Shape Roundrect Layer front
position -0.825000  0.000000  size  0.800000  0.950000  orientation 360.00
drill  0.000000
shape_offset  0.000000  0.000000
$EndPAD
$PAD "2"
Shape Roundrect Layer front
position  0.825000  0.000000  size  0.800000  0.950000  orientation 360.00
drill  0.000000
shape_offset  0.000000  0.000000
$EndPAD
$EndMODULE  R16

$MODULE R17
footprint Resistor_SMD:R_0603_1608Metric
attribut smd
position 183.300000 67.875000  orientation -90.00
layer front
$PAD "1"
Shape Roundrect Layer front
position -0.825000  0.000000  size  0.800000  0.950000  orientation 360.00
drill  0.000000
shape_offset  0.000000  0.000000
$EndPAD
$PAD "2"
Shape Roundrect Layer front
position  0.825000  0.000000  size  0.800000  0.950000  orientation 360.00
drill  0.000000
shape_offset  0.000000  0.000000
$EndPAD
$EndMODULE  R17

$MODULE R18
footprint Resistor_SMD:R_0603_1608Metric
attribut smd
position 185.600000 67.925000  orientation -90.00
layer front
$PAD "1"
Shape Roundrect Layer front
position -0.825000  0.000000  size  0.800000  0.950000  orientation 360.00
drill  0.000000
shape_offset  0.000000  0.000000
$EndPAD
$PAD "2"
Shape Roundrect Layer front
position  0.825000  0.000000  size  0.800000  0.950000  orientation 360.00
drill  0.000000
shape_offset  0.000000  0.000000
$EndPAD
$EndMODULE  R18

$MODULE R19
footprint Resistor_SMD:R_0603_1608Metric
attribut smd
position 188.100000 67.900000  orientation -90.00
layer front
$PAD "1"
Shape Roundrect Layer front
position -0.825000  0.000000  size  0.800000  0.950000  orientation 360.00
drill  0.000000
shape_offset  0.000000  0.000000
$EndPAD
$PAD "2"
Shape Roundrect Layer front
position  0.825000  0.000000  size  0.800000  0.950000  orientation 360.00
drill  0.000000
shape_offset  0.000000  0.000000
$EndPAD
$EndMODULE  R19

$MODULE R20
footprint Resistor_SMD:R_0603_1608Metric
attribut smd
position 190.500000 67.925000  orientation -90.00
layer front
$PAD "1"
Shape Roundrect Layer front
position -0.825000  0.000000  size  0.800000  0.950000  orientation 360.00
drill  0.000000
shape_offset  0.000000  0.000000
$EndPAD
$PAD "2"
Shape Roundrect Layer front
position  0.825000  0.000000  size  0.800000  0.950000  orientation 360.00
drill  0.000000
shape_offset  0.000000  0.000000
$EndPAD
$EndMODULE  R20

$MODULE SW1
footprint Button_Switch_SMD:SW_SPST_TL3342
attribut smd
position 151.200000 84.149999  orientation 90.00
layer front
$PAD "1"
Shape Rect Layer front
position -3.149999 -1.900000  size  1.700000  1.000000  orientation 0.00
drill  0.000000
shape_offset  0.000000  0.000000
$EndPAD
$PAD "1"
Shape Rect Layer front
position  3.149999 -1.900000  size  1.700000  1.000000  orientation 0.00
drill  0.000000
shape_offset  0.000000  0.000000
$EndPAD
$PAD "2"
Shape Rect Layer front
position -3.149999  1.900000  size  1.700000  1.000000  orientation 0.00
drill  0.000000
shape_offset  0.000000  0.000000
$EndPAD
$PAD "2"
Shape Rect Layer front
position  3.149999  1.900000  size  1.700000  1.000000  orientation 0.00
drill  0.000000
shape_offset  0.000000  0.000000
$EndPAD
$EndMODULE  SW1

$MODULE U1
footprint Package_DFN_QFN:VQFN-20-1EP_3x3mm_P0.4mm_EP1.7x1.7mm
attribut smd
position 151.075000 70.775000  orientation 0.00
layer front
$PAD ""
Shape Roundrect Layer nocopper
position -0.425000 -0.425000  size  0.690000  0.690000  orientation 0.00
drill  0.000000
shape_offset  0.000000  0.000000
$EndPAD
$PAD ""
Shape Roundrect Layer nocopper
position -0.425000  0.425000  size  0.690000  0.690000  orientation 0.00
drill  0.000000
shape_offset  0.000000  0.000000
$EndPAD
$PAD ""
Shape Roundrect Layer nocopper
position  0.425000 -0.425000  size  0.690000  0.690000  orientation 0.00
drill  0.000000
shape_offset  0.000000  0.000000
$EndPAD
$PAD ""
Shape Roundrect Layer nocopper
position  0.425000  0.425000  size  0.690000  0.690000  orientation 0.00
drill  0.000000
shape_offset  0.000000  0.000000
$EndPAD
$PAD "1"
Shape CustomShape Layer front
position -1.450000 -0.800000  size  0.143431  0.143431  orientation 0.00
drill  0.000000
shape_offset  0.000000  0.000000
$EndPAD
$PAD "2"
Shape Roundrect Layer front
position -1.450000 -0.400000  size  0.800000  0.200000  orientation 0.00
drill  0.000000
shape_offset  0.000000  0.000000
$EndPAD
$PAD "3"
Shape Roundrect Layer front
position -1.450000  0.000000  size  0.800000  0.200000  orientation 0.00
drill  0.000000
shape_offset  0.000000  0.000000
$EndPAD
$PAD "4"
Shape Roundrect Layer front
position -1.450000  0.400000  size  0.800000  0.200000  orientation 0.00
drill  0.000000
shape_offset  0.000000  0.000000
$EndPAD
$PAD "5"
Shape CustomShape Layer front
position -1.450000  0.800000  size  0.143431  0.143431  orientation 0.00
drill  0.000000
shape_offset  0.000000  0.000000
$EndPAD
$PAD "6"
Shape CustomShape Layer front
position -0.800000  1.450000  size  0.143431  0.143431  orientation 0.00
drill  0.000000
shape_offset  0.000000  0.000000
$EndPAD
$PAD "7"
Shape Roundrect Layer front
position -0.400000  1.450000  size  0.200000  0.800000  orientation 0.00
drill  0.000000
shape_offset  0.000000  0.000000
$EndPAD
$PAD "8"
Shape Roundrect Layer front
position  0.000000  1.450000  size  0.200000  0.800000  orientation 0.00
drill  0.000000
shape_offset  0.000000  0.000000
$EndPAD
$PAD "9"
Shape Roundrect Layer front
position  0.400000  1.450000  size  0.200000  0.800000  orientation 0.00
drill  0.000000
shape_offset  0.000000  0.000000
$EndPAD
$PAD "10"
Shape CustomShape Layer front
position  0.800000  1.450000  size  0.143431  0.143431  orientation 0.00
drill  0.000000
shape_offset  0.000000  0.000000
$EndPAD
$PAD "11"
Shape CustomShape Layer front
position  1.450000  0.800000  size  0.143431  0.143431  orientation 0.00
drill  0.000000
shape_offset  0.000000  0.000000
$EndPAD
$PAD "12"
Shape Roundrect Layer front
position  1.450000  0.400000  size  0.800000  0.200000  orientation 0.00
drill  0.000000
shape_offset  0.000000  0.000000
$EndPAD
$PAD "13"
Shape Roundrect Layer front
position  1.450000  0.000000  size  0.800000  0.200000  orientation 0.00
drill  0.000000
shape_offset  0.000000  0.000000
$EndPAD
$PAD "14"
Shape Roundrect Layer front
position  1.450000 -0.400000  size  0.800000  0.200000  orientation 0.00
drill  0.000000
shape_offset  0.000000  0.000000
$EndPAD
$PAD "15"
Shape CustomShape Layer front
position  1.450000 -0.800000  size  0.143431  0.143431  orientation 0.00
drill  0.000000
shape_offset  0.000000  0.000000
$EndPAD
$PAD "16"
Shape CustomShape Layer front
position  0.800000 -1.450000  size  0.143431  0.143431  orientation 0.00
drill  0.000000
shape_offset  0.000000  0.000000
$EndPAD
$PAD "17"
Shape Roundrect Layer front
position  0.400000 -1.450000  size  0.200000  0.800000  orientation 0.00
drill  0.000000
shape_offset  0.000000  0.000000
$EndPAD
$PAD "18"
Shape Roundrect Layer front
position  0.000000 -1.450000  size  0.200000  0.800000  orientation 0.00
drill  0.000000
shape_offset  0.000000  0.000000
$EndPAD
$PAD "19"
Shape Roundrect Layer front
position -0.400000 -1.450000  size  0.200000  0.800000  orientation 0.00
drill  0.000000
shape_offset  0.000000  0.000000
$EndPAD
$PAD "20"
Shape CustomShape Layer front
position -0.800000 -1.450000  size  0.143431  0.143431  orientation 0.00
drill  0.000000
shape_offset  0.000000  0.000000
$EndPAD
$PAD "21"
Shape Rect Layer front
position  0.000000  0.000000  size  1.700000  1.700000  orientation 0.00
drill  0.000000
shape_offset  0.000000  0.000000
$EndPAD
$EndMODULE  U1

$EndDESCRIPTION
